CI-15@CI-15 MINGW64 ~/Documents/KGuisadoBD (main)
$ git status
On branch main
Your branch is up to date with 'origin/main'.

Changes not staged for commit:
  (use "git add <file>..." to update what will be committed)
  (use "git restore <file>..." to discard changes in working directory)
        modified:   MODELOBD.mwb
        modified:   codigoDB.sql

Untracked files:
  (use "git add <file>..." to include in what will be committed)
        MODELOBD.mwb.bak

no changes added to commit (use "git add" and/or "git commit -a")

CI-15@CI-15 MINGW64 ~/Documents/KGuisadoBD (main)
$ git add .
warning: in the working copy of 'codigoDB.sql', LF will be replaced by CRLF the next time Git touches it

CI-15@CI-15 MINGW64 ~/Documents/KGuisadoBD (main)
$ git status
On branch main
Your branch is up to date with 'origin/main'.

Changes to be committed:
  (use "git restore --staged <file>..." to unstage)
        modified:   MODELOBD.mwb
        new file:   MODELOBD.mwb.bak
        modified:   codigoDB.sql


CI-15@CI-15 MINGW64 ~/Documents/KGuisadoBD (main)
$ git commit -m "agregar campo fecha de creacion"
[main 27e381b] agregar campo fecha de creacion
 3 files changed, 8 insertions(+), 7 deletions(-)
 create mode 100644 MODELOBD.mwb.bak

CI-15@CI-15 MINGW64 ~/Documents/KGuisadoBD (main)
$ git push
Enumerating objects: 7, done.
Counting objects: 100% (7/7), done.
Delta compression using up to 12 threads
Compressing objects: 100% (4/4), done.
Writing objects: 100% (4/4), 16.36 KiB | 16.36 MiB/s, done.
Total 4 (delta 2), reused 0 (delta 0), pack-reused 0
remote: Resolving deltas: 100% (2/2), completed with 2 local objects.
To https://github.com/LuzMir11/KGuisadoBD.git
   860e936..27e381b  main -> main
